// Jest Snapshot v1, https://goo.gl/fbAQLP

exports[`Products should render 1`] = `
Object {
  "asFragment": [Function],
  "baseElement": <body>
    <div>
      <div>
        <div
          class="Products"
        >
          <div
            class="Card card bg-warning border-light"
          >
            <img
              class="card-img-top"
              src="https://assets.myntassets.com/h_720,q_90,w_540/v1/assets/images/11375892/2020/8/14/75a40b63-cc29-4dcb-b184-2d181188a0701597410903057BaggitBrownSolidSlingBag1.jpg"
            />
            <div
              class="card-body"
            >
              <div
                class="card-title h5"
              >
                Random Bag
              </div>
              <p
                class="card-text"
              >
                35 $
              </p>
              <button
                class="btn btn-info"
                type="button"
              >
                Buy Now
              </button>
            </div>
          </div>
          <div
            class="Card card bg-warning border-light"
          >
            <img
              class="card-img-top"
              src="https://assets.myntassets.com/h_720,q_90,w_540/v1/assets/images/11334994/2020/5/21/3d167b8c-e00e-4a53-9f3f-b7e4e2f2a4481590080005795PumaMenBlackPacerStyxIDPSneakers1.jpg"
            />
            <div
              class="card-body"
            >
              <div
                class="card-title h5"
              >
                Puma Shoe
              </div>
              <p
                class="card-text"
              >
                50 $
              </p>
              <button
                class="btn btn-info"
                type="button"
              >
                Buy Now
              </button>
            </div>
          </div>
          <div
            class="Card card bg-warning border-light"
          >
            <img
              class="card-img-top"
              src="https://assets.myntassets.com/h_720,q_90,w_540/v1/assets/images/1392352/2016/10/4/11475579108886-Fossil-Men-Navy-Dial-Watch-ME1138-3141475579108667-1.jpg"
            />
            <div
              class="card-body"
            >
              <div
                class="card-title h5"
              >
                Fossil Watch
              </div>
              <p
                class="card-text"
              >
                40 $
              </p>
              <button
                class="btn btn-info"
                type="button"
              >
                Buy Now
              </button>
            </div>
          </div>
        </div>
        ;
      </div>
    </div>
  </body>,
  "container": <div>
    <div>
      <div
        class="Products"
      >
        <div
          class="Card card bg-warning border-light"
        >
          <img
            class="card-img-top"
            src="https://assets.myntassets.com/h_720,q_90,w_540/v1/assets/images/11375892/2020/8/14/75a40b63-cc29-4dcb-b184-2d181188a0701597410903057BaggitBrownSolidSlingBag1.jpg"
          />
          <div
            class="card-body"
          >
            <div
              class="card-title h5"
            >
              Random Bag
            </div>
            <p
              class="card-text"
            >
              35 $
            </p>
            <button
              class="btn btn-info"
              type="button"
            >
              Buy Now
            </button>
          </div>
        </div>
        <div
          class="Card card bg-warning border-light"
        >
          <img
            class="card-img-top"
            src="https://assets.myntassets.com/h_720,q_90,w_540/v1/assets/images/11334994/2020/5/21/3d167b8c-e00e-4a53-9f3f-b7e4e2f2a4481590080005795PumaMenBlackPacerStyxIDPSneakers1.jpg"
          />
          <div
            class="card-body"
          >
            <div
              class="card-title h5"
            >
              Puma Shoe
            </div>
            <p
              class="card-text"
            >
              50 $
            </p>
            <button
              class="btn btn-info"
              type="button"
            >
              Buy Now
            </button>
          </div>
        </div>
        <div
          class="Card card bg-warning border-light"
        >
          <img
            class="card-img-top"
            src="https://assets.myntassets.com/h_720,q_90,w_540/v1/assets/images/1392352/2016/10/4/11475579108886-Fossil-Men-Navy-Dial-Watch-ME1138-3141475579108667-1.jpg"
          />
          <div
            class="card-body"
          >
            <div
              class="card-title h5"
            >
              Fossil Watch
            </div>
            <p
              class="card-text"
            >
              40 $
            </p>
            <button
              class="btn btn-info"
              type="button"
            >
              Buy Now
            </button>
          </div>
        </div>
      </div>
      ;
    </div>
  </div>,
  "debug": [Function],
  "findAllByAltText": [Function],
  "findAllByDisplayValue": [Function],
  "findAllByLabelText": [Function],
  "findAllByPlaceholderText": [Function],
  "findAllByRole": [Function],
  "findAllByTestId": [Function],
  "findAllByText": [Function],
  "findAllByTitle": [Function],
  "findByAltText": [Function],
  "findByDisplayValue": [Function],
  "findByLabelText": [Function],
  "findByPlaceholderText": [Function],
  "findByRole": [Function],
  "findByTestId": [Function],
  "findByText": [Function],
  "findByTitle": [Function],
  "getAllByAltText": [Function],
  "getAllByDisplayValue": [Function],
  "getAllByLabelText": [Function],
  "getAllByPlaceholderText": [Function],
  "getAllByRole": [Function],
  "getAllByTestId": [Function],
  "getAllByText": [Function],
  "getAllByTitle": [Function],
  "getByAltText": [Function],
  "getByDisplayValue": [Function],
  "getByLabelText": [Function],
  "getByPlaceholderText": [Function],
  "getByRole": [Function],
  "getByTestId": [Function],
  "getByText": [Function],
  "getByTitle": [Function],
  "queryAllByAltText": [Function],
  "queryAllByDisplayValue": [Function],
  "queryAllByLabelText": [Function],
  "queryAllByPlaceholderText": [Function],
  "queryAllByRole": [Function],
  "queryAllByTestId": [Function],
  "queryAllByText": [Function],
  "queryAllByTitle": [Function],
  "queryByAltText": [Function],
  "queryByDisplayValue": [Function],
  "queryByLabelText": [Function],
  "queryByPlaceholderText": [Function],
  "queryByRole": [Function],
  "queryByTestId": [Function],
  "queryByText": [Function],
  "queryByTitle": [Function],
  "rerender": [Function],
  "unmount": [Function],
}
`;
